SQL> connect
Enter user-name: abcd
Connected.
SQL> select * from customer;

no rows selected

SQL> select * from customers;
select * from customers
              *
ERROR at line 1:
ORA-00942: table or view does not exist 


SQL> set autocommit on;
SQL> create o replace procedure insertCustomer(
  2  p_id in customer.c_id % type,
  3  p_name in customer.c_name % type,
  4  p_mobile in customer.mobile_no % type,
  5  p_country in customer.country % type)
  6  is
  7  begin
  8  insert into customer(c_id,c_name,mobile_no,country) values(p_id,p_name,p_mobile,p_country);
create o replace procedure insertCustomer(
       *
ERROR at line 1:
ORA-00901: invalid CREATE command 


SQL> create or replace procedure insertCustomer(
  2  p_id in customer.c_id % type,
  3  p_name in customer.c_name % type,
  4  p_mobile in customer.mobile_no % type,
  5  p_country in customer.country % type)
  6  is
  7  begin
  8  insert into customer(c_id,c_name,mobile_no,country) values(p_id,p_name,p_mobile,p_country);
  9  end;
 10  /

Procedure created.

SQL> begin
  2  insertCustomer(100,'akash',12345678978,'maldip');
  3  end;
  4  /

PL/SQL procedure successfully completed.

Commit complete.
SQL> select * from cus_backup;

      C_ID C_NAME           MOBILE_NO COUNTRY                                   
---------- --------------- ---------- --------------------                      
       100 akash           1.2346E+10 maldip                                    

SQL> create or replace procedure update_cus(
  2   p_id in customer.c_id % type,
  3   p_name in customer.c_name % type,
  4  p_mobile in customer.mobile_no % type,
  5  p_country in customer.country % type)
  6  is
  7  end;
  8  /

Warning: Procedure created with compilation errors.

SQL> create or replace procedure update_cus(
  2   p_id in customer.c_id % type,
  3   p_name in customer.c_name % type,
  4  p_mobile in customer.mobile_no % type,
  5  p_country in customer.country % type)
  6  is
  7  begin
  8  
